C51 COMPILER V9.54   CALCULATE                                                             04/25/2022 09:22:33 PAGE 1   


C51 COMPILER V9.54, COMPILATION OF MODULE CALCULATE
OBJECT MODULE PLACED IN .\list\calculate.obj
COMPILER INVOKED BY: D:\Keil_v5\C51\BIN\C51.EXE calculate.c LARGE OMF2 OPTIMIZE(8,SPEED) BROWSE DEBUG PRINT(.\list\calcu
                    -late.lst) TABS(2) OBJECT(.\list\calculate.obj)

line level    source

   1          #include "calculate.h"
   2          
   3          const uint16_t auw_hamm[31]={ 41,    276,    512,    276,     41 }; //Hamm=  long16(512* hamming(5)');
   4          //uch_spo2_table is computed as  -45.060*ratioAverage* ratioAverage + 30.354 *ratioAverage + 94.845 ;
   5          const uint8_t uch_spo2_table[184]={ 95, 95, 95, 96, 96, 96, 97, 97, 97, 97, 97, 98, 98, 98, 98, 98, 99, 99
             -, 99, 99, 
   6                                      99, 99, 99, 99, 100, 100, 100, 100, 100, 100, 100, 100, 100, 100, 100, 100, 10
             -0, 100, 100, 100, 
   7                                      100, 100, 100, 100, 99, 99, 99, 99, 99, 99, 99, 99, 98, 98, 98, 98, 98, 98, 97
             -, 97, 
   8                                      97, 97, 96, 96, 96, 96, 95, 95, 95, 94, 94, 94, 93, 93, 93, 92, 92, 92, 91, 91
             -, 
   9                                      90, 90, 89, 89, 89, 88, 88, 87, 87, 86, 86, 85, 85, 84, 84, 83, 82, 82, 81, 81
             -, 
  10                                      80, 80, 79, 78, 78, 77, 76, 76, 75, 74, 74, 73, 72, 72, 71, 70, 69, 69, 68, 67
             -, 
  11                                      66, 66, 65, 64, 63, 62, 62, 61, 60, 59, 58, 57, 56, 56, 55, 54, 53, 52, 51, 50
             -, 
  12                                      49, 48, 47, 46, 45, 44, 43, 42, 41, 40, 39, 38, 37, 36, 35, 34, 33, 31, 30, 29
             -, 
  13                                      28, 27, 26, 25, 23, 22, 21, 20, 19, 17, 16, 15, 14, 12, 11, 10, 9, 7, 6, 5, 
  14                                      3, 2, 1 } ;
  15          static  int32_t xdata an_dx[ BUFFER_SIZE-MA4_SIZE]; // delta
  16          static  int32_t xdata an_x[ BUFFER_SIZE]; //ir
  17          static  int32_t xdata an_y[ BUFFER_SIZE]; //red
  18          
  19          void maxim_heart_rate_and_oxygen_saturation(uint32_t *pun_ir_buffer,  int32_t n_ir_buffer_length, uint32_t
             - *pun_red_buffer, int32_t *pn_spo2, int8_t *pch_spo2_valid, 
  20                                        int32_t *pn_heart_rate, int8_t  *pch_hr_valid)
  21          /**
  22          * \brief        Calculate the heart rate and SpO2 level
  23          * \par          Details
  24          *               By detecting  peaks of PPG cycle and corresponding AC/DC of red/infra-red signal, the rati
             -o for the SPO2 is computed.
  25          *               Since this algorithm is aiming for Arm M0/M3. formaula for SPO2 did not achieve the accura
             -cy due to register overflow.
  26          *               Thus, accurate SPO2 is precalculated and save longo uch_spo2_table[] per each ratio.
  27          *
  28          * \param[in]    *pun_ir_buffer           - IR sensor data buffer
  29          * \param[in]    n_ir_buffer_length      - IR sensor data buffer length
  30          * \param[in]    *pun_red_buffer          - Red sensor data buffer
  31          * \param[out]    *pn_spo2                - Calculated SpO2 value
  32          * \param[out]    *pch_spo2_valid         - 1 if the calculated SpO2 value is valid
  33          * \param[out]    *pn_heart_rate          - Calculated heart rate value
  34          * \param[out]    *pch_hr_valid           - 1 if the calculated heart rate value is valid
  35          *
  36          * \retval       None
  37          */
  38          {
  39   1          xdata uint32_t un_ir_mean ,un_only_once ;
  40   1          xdata int32_t k ,n_i_ratio_count;
  41   1          xdata int32_t i, s, m, n_exact_ir_valley_locs_count ,n_middle_idx;
  42   1          xdata int32_t n_th1, n_npks,n_c_min;      
  43   1          xdata int32_t an_ir_valley_locs[15] ;
C51 COMPILER V9.54   CALCULATE                                                             04/25/2022 09:22:33 PAGE 2   

  44   1          xdata int32_t an_exact_ir_valley_locs[15] ;
  45   1          xdata int32_t an_dx_peak_locs[15] ;
  46   1          xdata int32_t n_peak_interval_sum;
  47   1          
  48   1          xdata int32_t n_y_ac, n_x_ac;
  49   1          xdata int32_t n_spo2_calc; 
  50   1          xdata int32_t n_y_dc_max, n_x_dc_max; 
  51   1          xdata int32_t n_y_dc_max_idx, n_x_dc_max_idx; 
  52   1          xdata int32_t an_ratio[5],n_ratio_average; 
  53   1          xdata int32_t n_nume,  n_denom ;
  54   1          // remove DC of ir signal    
  55   1          un_ir_mean =0; 
  56   1          for (k=0 ; k<n_ir_buffer_length ; k++ ) un_ir_mean += pun_ir_buffer[k] ;
  57   1          un_ir_mean =un_ir_mean/n_ir_buffer_length ;
  58   1          for (k=0 ; k<n_ir_buffer_length ; k++ )  an_x[k] =  pun_ir_buffer[k] - un_ir_mean ; 
  59   1          
  60   1          // 4 pt Moving Average
  61   1          for(k=0; k< BUFFER_SIZE-MA4_SIZE; k++)
  62   1          {
  63   2              n_denom= ( an_x[k]+an_x[k+1]+ an_x[k+2]+ an_x[k+3]);
  64   2              an_x[k]=  n_denom/(int32_t)4; 
  65   2          }
  66   1      
  67   1          // get difference of smoothed IR signal
  68   1          
  69   1          for( k=0; k<BUFFER_SIZE-MA4_SIZE-1;  k++)
  70   1              an_dx[k]= (an_x[k+1]- an_x[k]);
  71   1      
  72   1          // 2-pt Moving Average to an_dx
  73   1          for(k=0; k< BUFFER_SIZE-MA4_SIZE-2; k++)
  74   1          {
  75   2              an_dx[k] =  ( an_dx[k]+an_dx[k+1])/2 ;
  76   2          }
  77   1          
  78   1          // hamming window
  79   1          // flip wave form so that we can detect valley with peak detector
  80   1          for ( i=0 ; i<BUFFER_SIZE-HAMMING_SIZE-MA4_SIZE-2 ;i++)
  81   1          {
  82   2              s= 0;
  83   2              for( k=i; k<i+ HAMMING_SIZE ;k++){
  84   3                  s -= an_dx[k] *auw_hamm[k-i] ; 
  85   3                           }
  86   2              an_dx[i]= s/ (int32_t)1146; // divide by sum of auw_hamm 
  87   2          }
  88   1      
  89   1       
  90   1          n_th1=0; // threshold calculation
  91   1          for ( k=0 ; k<BUFFER_SIZE-HAMMING_SIZE ;k++)
  92   1          {
  93   2              n_th1 += ((an_dx[k]>0)? an_dx[k] : ((int32_t)0-an_dx[k])) ;
  94   2          }
  95   1          n_th1= n_th1/ ( BUFFER_SIZE-HAMMING_SIZE);
  96   1          // peak location is acutally index for sharpest location of raw signal since we flipped the signal    
             -     
  97   1          maxim_find_peaks( an_dx_peak_locs, &n_npks, an_dx, BUFFER_SIZE-HAMMING_SIZE, n_th1, 8, 5 );//peak_heig
             -ht, peak_distance, max_num_peaks 
  98   1      
  99   1          n_peak_interval_sum =0;
 100   1          if (n_npks>=2)
 101   1          {
 102   2              for (k=1; k<n_npks; k++)
 103   2                  n_peak_interval_sum += (an_dx_peak_locs[k]-an_dx_peak_locs[k -1]);
C51 COMPILER V9.54   CALCULATE                                                             04/25/2022 09:22:33 PAGE 3   

 104   2              n_peak_interval_sum=n_peak_interval_sum/(n_npks-1);
 105   2              *pn_heart_rate=(int32_t)(6000/n_peak_interval_sum);// beats per minutes
 106   2              *pch_hr_valid  = 1;
 107   2          }
 108   1          else  
 109   1          {
 110   2              *pn_heart_rate = -999;
 111   2              *pch_hr_valid  = 0;
 112   2          }
 113   1                  
 114   1          for ( k=0 ; k<n_npks ;k++)
 115   1              an_ir_valley_locs[k]=an_dx_peak_locs[k]+HAMMING_SIZE/2; 
 116   1      
 117   1      
 118   1          // raw value : RED(=y) and IR(=X)
 119   1          // we need to assess DC and AC value of ir and red PPG. 
 120   1          for (k=0 ; k<n_ir_buffer_length ; k++ )  
 121   1          {
 122   2              an_x[k] =  pun_ir_buffer[k] ; 
 123   2              an_y[k] =  pun_red_buffer[k] ; 
 124   2          }
 125   1      
 126   1          // find precise min near an_ir_valley_locs
 127   1          n_exact_ir_valley_locs_count =0; 
 128   1          for(k=0 ; k<n_npks ;k++)
 129   1         {
 130   2              un_only_once =1;
 131   2              m=an_ir_valley_locs[k];
 132   2              n_c_min= 16777216;//2^24;
 133   2              if (m+5 <  BUFFER_SIZE-HAMMING_SIZE  && m-5 >0)
 134   2              {
 135   3                  for(i= m-5;i<m+5; i++)
 136   3                      if (an_x[i]<n_c_min)
 137   3                      {
 138   4                          if (un_only_once >0)
 139   4                          {
 140   5                             un_only_once =0;
 141   5                          } 
 142   4                         n_c_min= an_x[i] ;
 143   4                         an_exact_ir_valley_locs[k]=i;
 144   4                      }
 145   3                  if (un_only_once ==0)
 146   3                      n_exact_ir_valley_locs_count ++ ;
 147   3              }
 148   2          }
 149   1          if (n_exact_ir_valley_locs_count <2 ){
 150   2             *pn_spo2 =  -999 ; // do not use SPO2 since signal ratio is out of range
 151   2             *pch_spo2_valid  = 0; 
 152   2             return;
 153   2          }
 154   1          // 4 pt MA
 155   1          for(k=0; k< BUFFER_SIZE-MA4_SIZE; k++){
 156   2              an_x[k]=( an_x[k]+an_x[k+1]+ an_x[k+2]+ an_x[k+3])/(int32_t)4;
 157   2              an_y[k]=( an_y[k]+an_y[k+1]+ an_y[k+2]+ an_y[k+3])/(int32_t)4;
 158   2          }
 159   1      
 160   1          //using an_exact_ir_valley_locs , find ir-red DC andir-red AC for SPO2 calibration ratio
 161   1          //finding AC/DC maximum of raw ir * red between two valley locations
 162   1          n_ratio_average =0; 
 163   1          n_i_ratio_count =0; 
 164   1          
 165   1          for(k=0; k< 5; k++) an_ratio[k]=0;
C51 COMPILER V9.54   CALCULATE                                                             04/25/2022 09:22:33 PAGE 4   

 166   1          for (k=0; k< n_exact_ir_valley_locs_count; k++)
 167   1          {
 168   2              if (an_exact_ir_valley_locs[k] > BUFFER_SIZE )
 169   2              {             
 170   3                  *pn_spo2 =  -999 ; // do not use SPO2 since valley loc is out of range
 171   3                  *pch_spo2_valid  = 0; 
 172   3                  return;
 173   3              }
 174   2          }
 175   1          // find max between two valley locations 
 176   1          // and use ratio betwen AC compoent of Ir & Red and DC compoent of Ir & Red for SPO2 
 177   1      
 178   1          for (k=0; k< n_exact_ir_valley_locs_count-1; k++)
 179   1          {
 180   2              n_y_dc_max= -16777216 ; 
 181   2              n_x_dc_max= - 16777216; 
 182   2              if (an_exact_ir_valley_locs[k+1]-an_exact_ir_valley_locs[k] >10)
 183   2              {
 184   3                  for (i=an_exact_ir_valley_locs[k]; i< an_exact_ir_valley_locs[k+1]; i++)
 185   3                 {
 186   4                      if (an_x[i]> n_x_dc_max) {n_x_dc_max =an_x[i];n_x_dc_max_idx =i; }
 187   4                      if (an_y[i]> n_y_dc_max) {n_y_dc_max =an_y[i];n_y_dc_max_idx=i;}
 188   4                  }
 189   3                  n_y_ac= (an_y[an_exact_ir_valley_locs[k+1]] - an_y[an_exact_ir_valley_locs[k] ] )*(n_y_dc_max_
             -idx -an_exact_ir_valley_locs[k]); //red
 190   3                  n_y_ac=  an_y[an_exact_ir_valley_locs[k]] + n_y_ac/ (an_exact_ir_valley_locs[k+1] - an_exact_i
             -r_valley_locs[k])  ; 
 191   3              
 192   3              
 193   3                  n_y_ac=  an_y[n_y_dc_max_idx] - n_y_ac;    // subracting linear DC compoenents from raw 
 194   3                  n_x_ac= (an_x[an_exact_ir_valley_locs[k+1]] - an_x[an_exact_ir_valley_locs[k] ] )*(n_x_dc_max_
             -idx -an_exact_ir_valley_locs[k]); // ir
 195   3                  n_x_ac=  an_x[an_exact_ir_valley_locs[k]] + n_x_ac/ (an_exact_ir_valley_locs[k+1] - an_exact_i
             -r_valley_locs[k]); 
 196   3                  n_x_ac=  an_x[n_y_dc_max_idx] - n_x_ac;      // subracting linear DC compoenents from raw 
 197   3                  n_nume=( n_y_ac *n_x_dc_max)>>7 ; //prepare X100 to preserve floating value
 198   3                  n_denom= ( n_x_ac *n_y_dc_max)>>7;
 199   3                  if (n_denom>0  && n_i_ratio_count <5 &&  n_nume != 0)
 200   3                  {   
 201   4                      an_ratio[n_i_ratio_count]= (n_nume*20)/n_denom ; //formular is ( n_y_ac *n_x_dc_max) / ( n
             -_x_ac *n_y_dc_max) ;  ///*************************n_numeÔ­À´ÊÇ*100************************//
 202   4                      n_i_ratio_count++;
 203   4                  }
 204   3              }
 205   2          }
 206   1      
 207   1          maxim_sort_ascend(an_ratio, n_i_ratio_count);
 208   1          n_middle_idx= n_i_ratio_count/2;
 209   1      
 210   1          if (n_middle_idx >1)
 211   1              n_ratio_average =( an_ratio[n_middle_idx-1] +an_ratio[n_middle_idx])/2; // use median
 212   1          else
 213   1              n_ratio_average = an_ratio[n_middle_idx ];
 214   1      
 215   1          if( n_ratio_average>2 && n_ratio_average <184)
 216   1          {
 217   2              n_spo2_calc= uch_spo2_table[n_ratio_average] ;
 218   2              *pn_spo2 = n_spo2_calc ;
 219   2              *pch_spo2_valid  = 1;//  float_SPO2 =  -45.060*n_ratio_average* n_ratio_average/10000 + 30.354 *n_
             -ratio_average/100 + 94.845 ;  // for comparison with table
 220   2          }
 221   1          else
C51 COMPILER V9.54   CALCULATE                                                             04/25/2022 09:22:33 PAGE 5   

 222   1          {
 223   2              *pn_spo2 =  -999 ; // do not use SPO2 since signal ratio is out of range
 224   2              *pch_spo2_valid  = 0; 
 225   2          }
 226   1      }
 227          
 228          
 229          void maxim_find_peaks(int32_t *pn_locs, int32_t *pn_npks, int32_t *pn_x, int32_t n_size, int32_t n_min_hei
             -ght, int32_t n_min_distance, int32_t n_max_num)
 230          /**
 231          * \brief        Find peaks
 232          * \par          Details
 233          *               Find at most MAX_NUM peaks above MIN_HEIGHT separated by at least MIN_DISTANCE
 234          *
 235          * \retval       None
 236          */
 237          {
 238   1          maxim_peaks_above_min_height( pn_locs, pn_npks, pn_x, n_size, n_min_height );
 239   1          maxim_remove_close_peaks( pn_locs, pn_npks, pn_x, n_min_distance );
 240   1          *pn_npks = min( *pn_npks, n_max_num );
 241   1      }
 242          
 243          void maxim_peaks_above_min_height(int32_t *pn_locs, int32_t *pn_npks, int32_t  *pn_x, int32_t n_size, int3
             -2_t n_min_height)
 244          /**
 245          * \brief        Find peaks above n_min_height
 246          * \par          Details
 247          *               Find all peaks above MIN_HEIGHT
 248          *
 249          * \retval       None
 250          */
 251          {
 252   1          xdata int32_t i = 1, n_width;
 253   1           *pn_npks = 0;
 254   1          
 255   1          while (i < n_size-1){
 256   2              if (pn_x[i] > n_min_height && pn_x[i] > pn_x[i-1]){            // find left edge of potential peak
             -s
 257   3                  n_width = 1;
 258   3                  while (i+n_width < n_size && pn_x[i] == pn_x[i+n_width])    // find flat peaks
 259   3                      n_width++;
 260   3                  if (pn_x[i] > pn_x[i+n_width] && (*pn_npks) < 15 ){                            // find right e
             -dge of peaks
 261   4                      pn_locs[(*pn_npks)++] = i;        
 262   4                      // for flat peaks, peak location is left edge
 263   4                      i += n_width+1;
 264   4                  }
 265   3                  else
 266   3                      i += n_width;
 267   3              }
 268   2              else
 269   2                  i++;
 270   2          }
 271   1      }
 272          
 273          
 274          void maxim_remove_close_peaks(int32_t *pn_locs, int32_t *pn_npks, int32_t *pn_x, int32_t n_min_distance)
 275          /**
 276          * \brief        Remove peaks
 277          * \par          Details
 278          *               Remove peaks separated by less than MIN_DISTANCE
 279          *
C51 COMPILER V9.54   CALCULATE                                                             04/25/2022 09:22:33 PAGE 6   

 280          * \retval       None
 281          */
 282          {
 283   1          
 284   1          xdata int32_t i, j, n_old_npks, n_dist;
 285   1          
 286   1          /* Order peaks from large to small */
 287   1          maxim_sort_indices_descend( pn_x, pn_locs, *pn_npks );
 288   1      
 289   1          for ( i = -1; i < *pn_npks; i++ ){
 290   2              n_old_npks = *pn_npks;
 291   2              *pn_npks = i+1;
 292   2              for ( j = i+1; j < n_old_npks; j++ ){
 293   3                  n_dist =  pn_locs[j] - ( i == -1 ? -1 : pn_locs[i] ); // lag-zero peak of autocorr is at index
             - -1
 294   3                  if ( n_dist > n_min_distance || n_dist < -n_min_distance )
 295   3                      pn_locs[(*pn_npks)++] = pn_locs[j];
 296   3              }
 297   2          }
 298   1      
 299   1          // Resort indices longo ascending order
 300   1          maxim_sort_ascend( pn_locs, *pn_npks );
 301   1      }
 302          
 303          void maxim_sort_ascend(int32_t *pn_x,int32_t n_size) 
 304          /**
 305          * \brief        Sort array
 306          * \par          Details
 307          *               Sort array in ascending order (insertion sort algorithm)
 308          *
 309          * \retval       None
 310          */
 311          {
 312   1          xdata int32_t i, j, n_temp;
 313   1          for (i = 1; i < n_size; i++) {
 314   2              n_temp = pn_x[i];
 315   2              for (j = i; j > 0 && n_temp < pn_x[j-1]; j--)
 316   2                  pn_x[j] = pn_x[j-1];
 317   2              pn_x[j] = n_temp;
 318   2          }
 319   1      }
 320          
 321          void maxim_sort_indices_descend(int32_t *pn_x, int32_t *pn_indx, int32_t n_size)
 322          /**
 323          * \brief        Sort indices
 324          * \par          Details
 325          *               Sort indices according to descending order (insertion sort algorithm)
 326          *
 327          * \retval       None
 328          */ 
 329          {
 330   1          xdata int32_t i, j, n_temp;
 331   1          for (i = 1; i < n_size; i++) {
 332   2              n_temp = pn_indx[i];
 333   2              for (j = i; j > 0 && pn_x[n_temp] > pn_x[pn_indx[j-1]]; j--)
 334   2                  pn_indx[j] = pn_indx[j-1];
 335   2              pn_indx[j] = n_temp;
 336   2          }
 337   1      }
 338          


C51 COMPILER V9.54   CALCULATE                                                             04/25/2022 09:22:33 PAGE 7   

MODULE INFORMATION:   STATIC OVERLAYABLE
   CODE SIZE        =   9160    ----
   CONSTANT SIZE    =   ----    ----
   XDATA SIZE       =   6230     434
   PDATA SIZE       =   ----    ----
   DATA SIZE        =   ----    ----
   IDATA SIZE       =   ----    ----
   BIT SIZE         =   ----    ----
   EDATA SIZE       =   ----    ----
   HDATA SIZE       =   ----    ----
   XDATA CONST SIZE =   ----    ----
   FAR CONST SIZE   =   ----    ----
END OF MODULE INFORMATION.


C51 COMPILATION COMPLETE.  0 WARNING(S),  0 ERROR(S)
